# Bake Begins!
### (1 of 6) Copy sources
$ cp -a /home/travis/build/fontdirectory/quattrocentosans/METADATA.json /home/travis/build/fontdirectory/quattrocentosans/builds/build
$ cp -a /home/travis/build/fontdirectory/quattrocentosans/DESCRIPTION.en_us.html /home/travis/build/fontdirectory/quattrocentosans/builds/build
$ cp -a /home/travis/build/fontdirectory/quattrocentosans/FONTLOG.txt /home/travis/build/fontdirectory/quattrocentosans/builds/build
$ cp -a QuattrocentoSans-BoldItalic.ttf.ttx QuattrocentoSans-Bold.ttf.ttx QuattrocentoSans-Italic.ttf.ttx QuattrocentoSans-Regular.ttf.ttx src/QuattrocentoSans-Regular.otf.ttx src/QuattrocentoSans-BoldItalic.otf.ttx src/QuattrocentoSans-Italic.otf.ttx src/QuattrocentoSans-Bold.otf.ttx QuattrocentoSans-BoldItalic.ttf._p_r_e_p.ttx QuattrocentoSans-BoldItalic.ttf._n_a_m_e.ttx QuattrocentoSans-BoldItalic.ttf._g_l_y_f.ttx QuattrocentoSans-BoldItalic.ttf.G_S_U_B_.ttx QuattrocentoSans-BoldItalic.ttf.GlyphOrder.ttx QuattrocentoSans-BoldItalic.ttf._k_e_r_n.ttx QuattrocentoSans-BoldItalic.ttf._p_o_s_t.ttx QuattrocentoSans-BoldItalic.ttf._c_v_t.ttx QuattrocentoSans-BoldItalic.ttf._h_m_t_x.ttx QuattrocentoSans-BoldItalic.ttf.O_S_2f_2.ttx QuattrocentoSans-BoldItalic.ttf._g_a_s_p.ttx QuattrocentoSans-BoldItalic.ttf._h_h_e_a.ttx QuattrocentoSans-BoldItalic.ttf._l_o_c_a.ttx QuattrocentoSans-BoldItalic.ttf._h_e_a_d.ttx QuattrocentoSans-BoldItalic.ttf.G_P_O_S_.ttx QuattrocentoSans-BoldItalic.ttf._c_m_a_p.ttx QuattrocentoSans-BoldItalic.ttf._f_p_g_m.ttx QuattrocentoSans-BoldItalic.ttf._m_a_x_p.ttx QuattrocentoSans-Bold.ttf.G_P_O_S_.ttx QuattrocentoSans-Bold.ttf._n_a_m_e.ttx QuattrocentoSans-Bold.ttf._g_l_y_f.ttx QuattrocentoSans-Bold.ttf._k_e_r_n.ttx QuattrocentoSans-Bold.ttf._p_o_s_t.ttx QuattrocentoSans-Bold.ttf.G_S_U_B_.ttx QuattrocentoSans-Bold.ttf._m_a_x_p.ttx QuattrocentoSans-Bold.ttf._c_m_a_p.ttx QuattrocentoSans-Bold.ttf._p_r_e_p.ttx QuattrocentoSans-Bold.ttf._h_e_a_d.ttx QuattrocentoSans-Bold.ttf._h_m_t_x.ttx QuattrocentoSans-Bold.ttf._g_a_s_p.ttx QuattrocentoSans-Bold.ttf.O_S_2f_2.ttx QuattrocentoSans-Bold.ttf._l_o_c_a.ttx QuattrocentoSans-Bold.ttf._c_v_t.ttx QuattrocentoSans-Bold.ttf._h_h_e_a.ttx QuattrocentoSans-Bold.ttf._f_p_g_m.ttx QuattrocentoSans-Bold.ttf.GlyphOrder.ttx QuattrocentoSans-Italic.ttf.O_S_2f_2.ttx QuattrocentoSans-Italic.ttf._c_m_a_p.ttx QuattrocentoSans-Italic.ttf._p_r_e_p.ttx QuattrocentoSans-Italic.ttf.GlyphOrder.ttx QuattrocentoSans-Italic.ttf._f_p_g_m.ttx QuattrocentoSans-Italic.ttf._h_m_t_x.ttx QuattrocentoSans-Italic.ttf._g_l_y_f.ttx QuattrocentoSans-Italic.ttf._m_a_x_p.ttx QuattrocentoSans-Italic.ttf.G_S_U_B_.ttx QuattrocentoSans-Italic.ttf._l_o_c_a.ttx QuattrocentoSans-Italic.ttf.G_P_O_S_.ttx QuattrocentoSans-Italic.ttf._c_v_t.ttx QuattrocentoSans-Italic.ttf._n_a_m_e.ttx QuattrocentoSans-Italic.ttf._p_o_s_t.ttx QuattrocentoSans-Italic.ttf._h_e_a_d.ttx QuattrocentoSans-Italic.ttf._h_h_e_a.ttx QuattrocentoSans-Italic.ttf._k_e_r_n.ttx QuattrocentoSans-Italic.ttf._g_a_s_p.ttx QuattrocentoSans-Regular.ttf._l_o_c_a.ttx QuattrocentoSans-Regular.ttf._p_r_e_p.ttx QuattrocentoSans-Regular.ttf._h_m_t_x.ttx QuattrocentoSans-Regular.ttf._c_v_t.ttx QuattrocentoSans-Regular.ttf._p_o_s_t.ttx QuattrocentoSans-Regular.ttf._c_m_a_p.ttx QuattrocentoSans-Regular.ttf._n_a_m_e.ttx QuattrocentoSans-Regular.ttf._f_p_g_m.ttx QuattrocentoSans-Regular.ttf._g_a_s_p.ttx QuattrocentoSans-Regular.ttf._h_h_e_a.ttx QuattrocentoSans-Regular.ttf.O_S_2f_2.ttx QuattrocentoSans-Regular.ttf.G_S_U_B_.ttx QuattrocentoSans-Regular.ttf.GlyphOrder.ttx QuattrocentoSans-Regular.ttf._m_a_x_p.ttx QuattrocentoSans-Regular.ttf.G_P_O_S_.ttx QuattrocentoSans-Regular.ttf._g_l_y_f.ttx QuattrocentoSans-Regular.ttf._k_e_r_n.ttx QuattrocentoSans-Regular.ttf._h_e_a_d.ttx src/QuattrocentoSans-Regular.otf.GlyphOrder.ttx src/QuattrocentoSans-Regular.otf._h_m_t_x.ttx src/QuattrocentoSans-Regular.otf._h_e_a_d.ttx src/QuattrocentoSans-Regular.otf.O_S_2f_2.ttx src/QuattrocentoSans-Regular.otf._n_a_m_e.ttx src/QuattrocentoSans-Regular.otf._p_o_s_t.ttx src/QuattrocentoSans-Regular.otf._h_h_e_a.ttx src/QuattrocentoSans-Regular.otf.C_F_F_.ttx src/QuattrocentoSans-Regular.otf.G_P_O_S_.ttx src/QuattrocentoSans-Regular.otf._c_m_a_p.ttx src/QuattrocentoSans-Regular.otf._k_e_r_n.ttx src/QuattrocentoSans-Regular.otf.G_S_U_B_.ttx src/QuattrocentoSans-Regular.otf._m_a_x_p.ttx src/QuattrocentoSans-BoldItalic.otf.GlyphOrder.ttx src/QuattrocentoSans-BoldItalic.otf.C_F_F_.ttx src/QuattrocentoSans-BoldItalic.otf.G_P_O_S_.ttx src/QuattrocentoSans-BoldItalic.otf._c_m_a_p.ttx src/QuattrocentoSans-BoldItalic.otf._k_e_r_n.ttx src/QuattrocentoSans-BoldItalic.otf.O_S_2f_2.ttx src/QuattrocentoSans-BoldItalic.otf._p_o_s_t.ttx src/QuattrocentoSans-BoldItalic.otf._h_e_a_d.ttx src/QuattrocentoSans-BoldItalic.otf._h_m_t_x.ttx src/QuattrocentoSans-BoldItalic.otf._m_a_x_p.ttx src/QuattrocentoSans-BoldItalic.otf.G_S_U_B_.ttx src/QuattrocentoSans-BoldItalic.otf._n_a_m_e.ttx src/QuattrocentoSans-BoldItalic.otf._h_h_e_a.ttx src/QuattrocentoSans-Italic.otf._n_a_m_e.ttx src/QuattrocentoSans-Italic.otf._h_h_e_a.ttx src/QuattrocentoSans-Italic.otf.G_P_O_S_.ttx src/QuattrocentoSans-Italic.otf.G_S_U_B_.ttx src/QuattrocentoSans-Italic.otf._h_m_t_x.ttx src/QuattrocentoSans-Italic.otf._m_a_x_p.ttx src/QuattrocentoSans-Italic.otf._p_o_s_t.ttx src/QuattrocentoSans-Italic.otf.GlyphOrder.ttx src/QuattrocentoSans-Italic.otf.O_S_2f_2.ttx src/QuattrocentoSans-Italic.otf._h_e_a_d.ttx src/QuattrocentoSans-Italic.otf._c_m_a_p.ttx src/QuattrocentoSans-Italic.otf.C_F_F_.ttx src/QuattrocentoSans-Italic.otf._k_e_r_n.ttx src/QuattrocentoSans-Bold.otf._n_a_m_e.ttx src/QuattrocentoSans-Bold.otf._m_a_x_p.ttx src/QuattrocentoSans-Bold.otf._k_e_r_n.ttx src/QuattrocentoSans-Bold.otf._h_e_a_d.ttx src/QuattrocentoSans-Bold.otf.G_S_U_B_.ttx src/QuattrocentoSans-Bold.otf._p_o_s_t.ttx src/QuattrocentoSans-Bold.otf.O_S_2f_2.ttx src/QuattrocentoSans-Bold.otf.C_F_F_.ttx src/QuattrocentoSans-Bold.otf.G_P_O_S_.ttx src/QuattrocentoSans-Bold.otf.GlyphOrder.ttx src/QuattrocentoSans-Bold.otf._h_h_e_a.ttx src/QuattrocentoSans-Bold.otf._h_m_t_x.ttx src/QuattrocentoSans-Bold.otf._c_m_a_p.ttx /home/travis/build/fontdirectory/quattrocentosans/builds/build/sources
### (2 of 6) pyfontaine
### (3 of 6) Run upstream tests
$ fontbakery-check.py upstream-repo sources
bakery_lint.tests.upstream.test_check_upstream_sources.ProjectUpstreamTestCase.test_bakery_yaml_exists(): OK
bakery_lint.tests.upstream.test_check_upstream_sources.ProjectUpstreamTestCase.test_copyright_notices_same_across_family(): OK
bakery_lint.tests.upstream.test_check_upstream_sources.ProjectUpstreamTestCase.test_description_html_exists(): OK
bakery_lint.tests.upstream.test_check_upstream_sources.ProjectUpstreamTestCase.test_fontlog_txt_exists(): OK
bakery_lint.tests.upstream.test_check_upstream_sources.ProjectUpstreamTestCase.test_metadata_json_exists(): OK
$ fontaine --collections subsets --text /home/travis/build/fontdirectory/quattrocentosans/builds/build/sources/QuattrocentoSans-Regular.otf.ttx /home/travis/build/fontdirectory/quattrocentosans/builds/build/sources/QuattrocentoSans-BoldItalic.otf.ttx /home/travis/build/fontdirectory/quattrocentosans/builds/build/sources/QuattrocentoSans-Italic.otf.ttx /home/travis/build/fontdirectory/quattrocentosans/builds/build/sources/QuattrocentoSans-Bold.otf.ttx /home/travis/build/fontdirectory/quattrocentosans/builds/build/sources/QuattrocentoSans-BoldItalic.ttf.ttx /home/travis/build/fontdirectory/quattrocentosans/builds/build/sources/QuattrocentoSans-Bold.ttf.ttx /home/travis/build/fontdirectory/quattrocentosans/builds/build/sources/QuattrocentoSans-Italic.ttf.ttx /home/travis/build/fontdirectory/quattrocentosans/builds/build/sources/QuattrocentoSans-Regular.ttf.ttx > fontaine.txt
WARNING: Please install [PyICU](https://pypi.python.org/pypi/PyICU) toenable [feature], perhaps with: pip install pyicu
bakery_lint.tests.upstream.test_prepolation.FontTestPrepolation.test_font_prepolation_glyph_contours(): OK
end of pyfontaine process
bakery_lint.tests.upstream.test_prepolation.FontTestPrepolation.test_font_prepolation_glyph_points(): OK
bakery_lint.tests.upstream.test_prepolation.FontTestPrepolation.test_font_test_prepolation_glyph_names(): OK
bakery_lint.tests.upstream.test_diacritic.TestDiacritic.test_diacritic_made_as_component(): OK
bakery_lint.tests.upstream.test_diacritic.TestDiacritic.test_diacritic_made_as_mark_to_mark(): OK
bakery_lint.tests.upstream.test_diacritic.TestDiacritic.test_diacritic_made_as_own_glyphs(): OK
$ fontbakery-check.py upstream-ttx QuattrocentoSans-Regular.otf.ttx
bakery_lint.tests.upstream.test_font_filename_eq_familystyle.TestTTFSourceFontFileNameEqualsFamilyStyle.test_source_ttf_font_filename_equals_familystyle(): FAIL
$ mv /home/travis/build/fontdirectory/quattrocentosans/builds/build/sources/QuattrocentoSans-Regular.otf.ttx /home/travis/build/fontdirectory/quattrocentosans/builds/build/sources/QuattrocentoSans-Regular.ttx
bakery_lint.tests.upstream.test_font_filename_eq_familystyle.TestTTFSourceFontFileNameEqualsFamilyStyle.test_source_ttf_font_filename_equals_familystyle(): OK
bakery_lint.tests.upstream.test_glyphname_does_not_contain_disallowed_chars.TestGlyphNameDoesNotContainsDisallowedChars.test_glyphname_does_not_contain_disallowed_chars(): OK
bakery_lint.tests.upstream.test_check_ttx_fontfamily_recommendations.TTX_FontFamilyNamingTest.test_ttx_family_naming_recommendation(): OK
bakery_lint.tests.upstream.test_check_ttx_requirements.SourceTTXTest.test_epar_in_keys(): FAIL
bakery_lint.tests.upstream.test_check_ttx_requirements.SourceTTXTest.test_os2_in_keys(): OK
bakery_lint.tests.upstream.test_check_ttx_requirements.SourceTTXTest.test_ttx_doesnt_contain_duplicate_glyphs(): OK
$ fontbakery-check.py upstream-ttx QuattrocentoSans-BoldItalic.otf.ttx
bakery_lint.tests.upstream.test_font_filename_eq_familystyle.TestTTFSourceFontFileNameEqualsFamilyStyle.test_source_ttf_font_filename_equals_familystyle(): FAIL
$ mv /home/travis/build/fontdirectory/quattrocentosans/builds/build/sources/QuattrocentoSans-BoldItalic.otf.ttx /home/travis/build/fontdirectory/quattrocentosans/builds/build/sources/QuattrocentoSans-BoldItalic.ttx
bakery_lint.tests.upstream.test_font_filename_eq_familystyle.TestTTFSourceFontFileNameEqualsFamilyStyle.test_source_ttf_font_filename_equals_familystyle(): OK
bakery_lint.tests.upstream.test_glyphname_does_not_contain_disallowed_chars.TestGlyphNameDoesNotContainsDisallowedChars.test_glyphname_does_not_contain_disallowed_chars(): FAIL
bakery_lint.tests.upstream.test_check_ttx_fontfamily_recommendations.TTX_FontFamilyNamingTest.test_ttx_family_naming_recommendation(): OK
bakery_lint.tests.upstream.test_check_ttx_requirements.SourceTTXTest.test_epar_in_keys(): FAIL
bakery_lint.tests.upstream.test_check_ttx_requirements.SourceTTXTest.test_os2_in_keys(): OK
bakery_lint.tests.upstream.test_check_ttx_requirements.SourceTTXTest.test_ttx_doesnt_contain_duplicate_glyphs(): OK
$ fontbakery-check.py upstream-ttx QuattrocentoSans-Italic.otf.ttx
bakery_lint.tests.upstream.test_font_filename_eq_familystyle.TestTTFSourceFontFileNameEqualsFamilyStyle.test_source_ttf_font_filename_equals_familystyle(): FAIL
$ mv /home/travis/build/fontdirectory/quattrocentosans/builds/build/sources/QuattrocentoSans-Italic.otf.ttx /home/travis/build/fontdirectory/quattrocentosans/builds/build/sources/QuattrocentoSans-Italic.ttx
bakery_lint.tests.upstream.test_font_filename_eq_familystyle.TestTTFSourceFontFileNameEqualsFamilyStyle.test_source_ttf_font_filename_equals_familystyle(): OK
bakery_lint.tests.upstream.test_glyphname_does_not_contain_disallowed_chars.TestGlyphNameDoesNotContainsDisallowedChars.test_glyphname_does_not_contain_disallowed_chars(): FAIL
bakery_lint.tests.upstream.test_check_ttx_fontfamily_recommendations.TTX_FontFamilyNamingTest.test_ttx_family_naming_recommendation(): OK
bakery_lint.tests.upstream.test_check_ttx_requirements.SourceTTXTest.test_epar_in_keys(): FAIL
bakery_lint.tests.upstream.test_check_ttx_requirements.SourceTTXTest.test_os2_in_keys(): OK
bakery_lint.tests.upstream.test_check_ttx_requirements.SourceTTXTest.test_ttx_doesnt_contain_duplicate_glyphs(): OK
$ fontbakery-check.py upstream-ttx QuattrocentoSans-Bold.otf.ttx
bakery_lint.tests.upstream.test_font_filename_eq_familystyle.TestTTFSourceFontFileNameEqualsFamilyStyle.test_source_ttf_font_filename_equals_familystyle(): FAIL
$ mv /home/travis/build/fontdirectory/quattrocentosans/builds/build/sources/QuattrocentoSans-Bold.otf.ttx /home/travis/build/fontdirectory/quattrocentosans/builds/build/sources/QuattrocentoSans-Bold.ttx
bakery_lint.tests.upstream.test_font_filename_eq_familystyle.TestTTFSourceFontFileNameEqualsFamilyStyle.test_source_ttf_font_filename_equals_familystyle(): OK
bakery_lint.tests.upstream.test_glyphname_does_not_contain_disallowed_chars.TestGlyphNameDoesNotContainsDisallowedChars.test_glyphname_does_not_contain_disallowed_chars(): FAIL
bakery_lint.tests.upstream.test_check_ttx_fontfamily_recommendations.TTX_FontFamilyNamingTest.test_ttx_family_naming_recommendation(): OK
bakery_lint.tests.upstream.test_check_ttx_requirements.SourceTTXTest.test_epar_in_keys(): FAIL
bakery_lint.tests.upstream.test_check_ttx_requirements.SourceTTXTest.test_os2_in_keys(): OK
bakery_lint.tests.upstream.test_check_ttx_requirements.SourceTTXTest.test_ttx_doesnt_contain_duplicate_glyphs(): OK
$ fontbakery-check.py upstream-ttx QuattrocentoSans-BoldItalic.ttf.ttx
bakery_lint.tests.upstream.test_font_filename_eq_familystyle.TestTTFSourceFontFileNameEqualsFamilyStyle.test_source_ttf_font_filename_equals_familystyle(): FAIL
$ mv /home/travis/build/fontdirectory/quattrocentosans/builds/build/sources/QuattrocentoSans-BoldItalic.ttf.ttx /home/travis/build/fontdirectory/quattrocentosans/builds/build/sources/QuattrocentoSans-BoldItalic.ttx
bakery_lint.tests.upstream.test_font_filename_eq_familystyle.TestTTFSourceFontFileNameEqualsFamilyStyle.test_source_ttf_font_filename_equals_familystyle(): OK
bakery_lint.tests.upstream.test_glyphname_does_not_contain_disallowed_chars.TestGlyphNameDoesNotContainsDisallowedChars.test_glyphname_does_not_contain_disallowed_chars(): FAIL
bakery_lint.tests.upstream.test_check_ttx_fontfamily_recommendations.TTX_FontFamilyNamingTest.test_ttx_family_naming_recommendation(): OK
bakery_lint.tests.upstream.test_check_ttx_requirements.SourceTTXTest.test_epar_in_keys(): FAIL
bakery_lint.tests.upstream.test_check_ttx_requirements.SourceTTXTest.test_os2_in_keys(): OK
bakery_lint.tests.upstream.test_check_ttx_requirements.SourceTTXTest.test_ttx_doesnt_contain_duplicate_glyphs(): OK
$ fontbakery-check.py upstream-ttx QuattrocentoSans-Bold.ttf.ttx
bakery_lint.tests.upstream.test_font_filename_eq_familystyle.TestTTFSourceFontFileNameEqualsFamilyStyle.test_source_ttf_font_filename_equals_familystyle(): FAIL
$ mv /home/travis/build/fontdirectory/quattrocentosans/builds/build/sources/QuattrocentoSans-Bold.ttf.ttx /home/travis/build/fontdirectory/quattrocentosans/builds/build/sources/QuattrocentoSans-Bold.ttx
bakery_lint.tests.upstream.test_font_filename_eq_familystyle.TestTTFSourceFontFileNameEqualsFamilyStyle.test_source_ttf_font_filename_equals_familystyle(): OK
bakery_lint.tests.upstream.test_glyphname_does_not_contain_disallowed_chars.TestGlyphNameDoesNotContainsDisallowedChars.test_glyphname_does_not_contain_disallowed_chars(): FAIL
bakery_lint.tests.upstream.test_check_ttx_fontfamily_recommendations.TTX_FontFamilyNamingTest.test_ttx_family_naming_recommendation(): OK
bakery_lint.tests.upstream.test_check_ttx_requirements.SourceTTXTest.test_epar_in_keys(): FAIL
bakery_lint.tests.upstream.test_check_ttx_requirements.SourceTTXTest.test_os2_in_keys(): OK
bakery_lint.tests.upstream.test_check_ttx_requirements.SourceTTXTest.test_ttx_doesnt_contain_duplicate_glyphs(): OK
$ fontbakery-check.py upstream-ttx QuattrocentoSans-Italic.ttf.ttx
bakery_lint.tests.upstream.test_font_filename_eq_familystyle.TestTTFSourceFontFileNameEqualsFamilyStyle.test_source_ttf_font_filename_equals_familystyle(): FAIL
$ mv /home/travis/build/fontdirectory/quattrocentosans/builds/build/sources/QuattrocentoSans-Italic.ttf.ttx /home/travis/build/fontdirectory/quattrocentosans/builds/build/sources/QuattrocentoSans-Italic.ttx
bakery_lint.tests.upstream.test_font_filename_eq_familystyle.TestTTFSourceFontFileNameEqualsFamilyStyle.test_source_ttf_font_filename_equals_familystyle(): OK
bakery_lint.tests.upstream.test_glyphname_does_not_contain_disallowed_chars.TestGlyphNameDoesNotContainsDisallowedChars.test_glyphname_does_not_contain_disallowed_chars(): FAIL
bakery_lint.tests.upstream.test_check_ttx_fontfamily_recommendations.TTX_FontFamilyNamingTest.test_ttx_family_naming_recommendation(): OK
bakery_lint.tests.upstream.test_check_ttx_requirements.SourceTTXTest.test_epar_in_keys(): FAIL
bakery_lint.tests.upstream.test_check_ttx_requirements.SourceTTXTest.test_os2_in_keys(): OK
bakery_lint.tests.upstream.test_check_ttx_requirements.SourceTTXTest.test_ttx_doesnt_contain_duplicate_glyphs(): OK
$ fontbakery-check.py upstream-ttx QuattrocentoSans-Regular.ttf.ttx
bakery_lint.tests.upstream.test_font_filename_eq_familystyle.TestTTFSourceFontFileNameEqualsFamilyStyle.test_source_ttf_font_filename_equals_familystyle(): FAIL
$ mv /home/travis/build/fontdirectory/quattrocentosans/builds/build/sources/QuattrocentoSans-Regular.ttf.ttx /home/travis/build/fontdirectory/quattrocentosans/builds/build/sources/QuattrocentoSans-Regular.ttx
bakery_lint.tests.upstream.test_font_filename_eq_familystyle.TestTTFSourceFontFileNameEqualsFamilyStyle.test_source_ttf_font_filename_equals_familystyle(): OK
bakery_lint.tests.upstream.test_glyphname_does_not_contain_disallowed_chars.TestGlyphNameDoesNotContainsDisallowedChars.test_glyphname_does_not_contain_disallowed_chars(): OK
bakery_lint.tests.upstream.test_check_ttx_fontfamily_recommendations.TTX_FontFamilyNamingTest.test_ttx_family_naming_recommendation(): OK
bakery_lint.tests.upstream.test_check_ttx_requirements.SourceTTXTest.test_epar_in_keys(): FAIL
bakery_lint.tests.upstream.test_check_ttx_requirements.SourceTTXTest.test_os2_in_keys(): OK
bakery_lint.tests.upstream.test_check_ttx_requirements.SourceTTXTest.test_ttx_doesnt_contain_duplicate_glyphs(): OK
### (4 of 6) Convert sources to TTF
$ ttx -d /home/travis/build/fontdirectory/quattrocentosans/builds/build /home/travis/build/fontdirectory/quattrocentosans/builds/build/sources/QuattrocentoSans-BoldItalic.ttx /home/travis/build/fontdirectory/quattrocentosans/builds/build/sources/QuattrocentoSans-Bold.ttx /home/travis/build/fontdirectory/quattrocentosans/builds/build/sources/QuattrocentoSans-Regular.ttx /home/travis/build/fontdirectory/quattrocentosans/builds/build/sources/QuattrocentoSans-Italic.ttx
Compiling "/home/travis/build/fontdirectory/quattrocentosans/builds/build/sources/QuattrocentoSans-BoldItalic.ttx" to "/home/travis/build/fontdirectory/quattrocentosans/builds/build/QuattrocentoSans-BoldItalic.ttf"...
Parsing 'GlyphOrder' table...
Parsing 'head' table...
Parsing 'hhea' table...
Parsing 'maxp' table...
Parsing 'OS/2' table...
Parsing 'hmtx' table...
Parsing 'cmap' table...
Parsing 'fpgm' table...
Parsing 'prep' table...
Parsing 'cvt ' table...
Parsing 'loca' table...
Parsing 'glyf' table...
Parsing 'kern' table...
Parsing 'name' table...
Parsing 'post' table...
Parsing 'gasp' table...
Parsing 'GPOS' table...
Parsing 'GSUB' table...
Compiling "/home/travis/build/fontdirectory/quattrocentosans/builds/build/sources/QuattrocentoSans-Bold.ttx" to "/home/travis/build/fontdirectory/quattrocentosans/builds/build/QuattrocentoSans-Bold.ttf"...
Parsing 'GlyphOrder' table...
Parsing 'head' table...
Parsing 'hhea' table...
Parsing 'maxp' table...
Parsing 'OS/2' table...
Parsing 'hmtx' table...
Parsing 'cmap' table...
Parsing 'fpgm' table...
Parsing 'prep' table...
Parsing 'cvt ' table...
Parsing 'loca' table...
Parsing 'glyf' table...
Parsing 'kern' table...
Parsing 'name' table...
Parsing 'post' table...
Parsing 'gasp' table...
Parsing 'GPOS' table...
Parsing 'GSUB' table...
Compiling "/home/travis/build/fontdirectory/quattrocentosans/builds/build/sources/QuattrocentoSans-Regular.ttx" to "/home/travis/build/fontdirectory/quattrocentosans/builds/build/QuattrocentoSans-Regular.ttf"...
Parsing 'GlyphOrder' table...
Parsing 'head' table...
Parsing 'hhea' table...
Parsing 'maxp' table...
Parsing 'OS/2' table...
Parsing 'hmtx' table...
Parsing 'cmap' table...
Parsing 'fpgm' table...
Parsing 'prep' table...
Parsing 'cvt ' table...
Parsing 'loca' table...
Parsing 'glyf' table...
Parsing 'kern' table...
Parsing 'name' table...
Parsing 'post' table...
Parsing 'gasp' table...
Parsing 'GPOS' table...
Parsing 'GSUB' table...
Compiling "/home/travis/build/fontdirectory/quattrocentosans/builds/build/sources/QuattrocentoSans-Italic.ttx" to "/home/travis/build/fontdirectory/quattrocentosans/builds/build/QuattrocentoSans-Italic.ttf"...
Parsing 'GlyphOrder' table...
Parsing 'head' table...
Parsing 'hhea' table...
Parsing 'maxp' table...
Parsing 'OS/2' table...
Parsing 'hmtx' table...
Parsing 'cmap' table...
Parsing 'fpgm' table...
Parsing 'prep' table...
Parsing 'cvt ' table...
Parsing 'loca' table...
Parsing 'glyf' table...
Parsing 'kern' table...
Parsing 'name' table...
Parsing 'post' table...
Parsing 'gasp' table...
Parsing 'GPOS' table...
Parsing 'GSUB' table...
### Test QuattrocentoSans-BoldItalic.ttf
$ fontbakery-check.py result QuattrocentoSans-BoldItalic.ttf
bakery_lint.tests.downstream.test_names_are_ascii_only.CheckNamesAreASCIIOnly.test_check_names_are_ascii_only(): OK
bakery_lint.tests.downstream.test_check_full_font_name_begins_with_family_name.CheckFullFontNameBeginsWithFamilyName.test_check_full_font_name_begins_with_family_name(): OK
bakery_lint.tests.downstream.test_check_vertical_metrics.CheckVerticalLinegapMetrics.test_metrics_linegaps_are_zero(): OK
bakery_lint.tests.downstream.test_check_vertical_metrics.CheckVerticalAscentMetrics.test_metrics_ascents_equal_bbox(): FAIL
$ fontbakery-fix-vertical-metrics.py --autofix /home/travis/build/fontdirectory/quattrocentosans/builds/build/QuattrocentoSans-Italic.ttf /home/travis/build/fontdirectory/quattrocentosans/builds/build/QuattrocentoSans-BoldItalic.ttf /home/travis/build/fontdirectory/quattrocentosans/builds/build/QuattrocentoSans-Bold.ttf /home/travis/build/fontdirectory/quattrocentosans/builds/build/QuattrocentoSans-Regular.ttf
$ mv /home/travis/build/fontdirectory/quattrocentosans/builds/build/QuattrocentoSans-Italic.ttf.fix /home/travis/build/fontdirectory/quattrocentosans/builds/build/QuattrocentoSans-Italic.ttf
$ mv /home/travis/build/fontdirectory/quattrocentosans/builds/build/QuattrocentoSans-BoldItalic.ttf.fix /home/travis/build/fontdirectory/quattrocentosans/builds/build/QuattrocentoSans-BoldItalic.ttf
$ mv /home/travis/build/fontdirectory/quattrocentosans/builds/build/QuattrocentoSans-Bold.ttf.fix /home/travis/build/fontdirectory/quattrocentosans/builds/build/QuattrocentoSans-Bold.ttf
$ mv /home/travis/build/fontdirectory/quattrocentosans/builds/build/QuattrocentoSans-Regular.ttf.fix /home/travis/build/fontdirectory/quattrocentosans/builds/build/QuattrocentoSans-Regular.ttf
$ fontbakery-fix-vertical-metrics.py /home/travis/build/fontdirectory/quattrocentosans/builds/build/QuattrocentoSans-Italic.ttf /home/travis/build/fontdirectory/quattrocentosans/builds/build/QuattrocentoSans-BoldItalic.ttf /home/travis/build/fontdirectory/quattrocentosans/builds/build/QuattrocentoSans-Bold.ttf /home/travis/build/fontdirectory/quattrocentosans/builds/build/QuattrocentoSans-Regular.ttf
Parameter              QuattrocentoSans-Italic.ttf    QuattrocentoSans-BoldItalic.ttf    QuattrocentoSans-Bold.ttf    QuattrocentoSans-Regular.ttf    
ymax                   848                            849                                849                          848                             
hhea.ascent            849                            849                                849                          849                             
OS/2.sTypoAscender     849                            849                                849                          849                             
OS/2.usWinAscent       849                            849                                849                          849                             
ymin                   -260                           -261                               -260                         -260                            
hhea.descent           -261                           -261                               -261                         -261                            
OS/2.sTypoDescender    -261                           -261                               -261                         -261                            
OS/2.usWinDescent      261                            261                                261                          261                             
hhea.lineGap           0                              0                                  0                            0                               
OS/2.sTypoLineGap      0                              0                                  0                            0                               
hhea total             1110                           1110                               1110                         1110                            
typo total             1110                           1110                               1110                         1110                            
win total              1110                           1110                               1110                         1110                            
UPM:Heights            1000:1108                      1000:1110                          1000:1109                    1000:1108                       
UPM:Heights %          110 %                          111 %                              110 %                        110 %                           


bakery_lint.tests.downstream.test_check_vertical_metrics.CheckVerticalAscentMetrics.test_metrics_ascents_equal_bbox(): OK
bakery_lint.tests.downstream.test_check_vertical_metrics.CheckVerticalDescentMetrics.test_metrics_descents_equal_bbox(): OK
bakery_lint.tests.downstream.test_check_italic_angle_agreement.CheckItalicAngleAgreement.test_check_italic_angle_agreement(): OK
This font contains both a 'kern' table and a 'GPOS' table.
  The 'kern' table will only be read if there is no 'kern' feature in 'GPOS'.
bakery_lint.tests.downstream.test_fontforge_validation_state.FontForgeValidateStateTest.test_allowed_numbers_paths_in_composite_glyphs(): OK
bakery_lint.tests.downstream.test_fontforge_validation_state.FontForgeValidateStateTest.test_allowed_numbers_paths_in_glyphs(): OK
bakery_lint.tests.downstream.test_fontforge_validation_state.FontForgeValidateStateTest.test_allowed_numbers_points_in_composite_glyphs(): OK
bakery_lint.tests.downstream.test_fontforge_validation_state.FontForgeValidateStateTest.test_allowed_numbers_points_in_glyphs(): OK
bakery_lint.tests.downstream.test_fontforge_validation_state.FontForgeValidateStateTest.test_duplicate_glyphs(): OK
bakery_lint.tests.downstream.test_fontforge_validation_state.FontForgeValidateStateTest.test_duplicate_unicode_codepoints(): OK
bakery_lint.tests.downstream.test_fontforge_validation_state.FontForgeValidateStateTest.test_flipped_reference_in_glyphs(): OK
bakery_lint.tests.downstream.test_fontforge_validation_state.FontForgeValidateStateTest.test_missing_anchors(): OK
bakery_lint.tests.downstream.test_fontforge_validation_state.FontForgeValidateStateTest.test_missing_extrema_in_glyphs(): OK
bakery_lint.tests.downstream.test_fontforge_validation_state.FontForgeValidateStateTest.test_overlapped_hints(): OK
bakery_lint.tests.downstream.test_fontforge_validation_state.FontForgeValidateStateTest.test_points_are_integer_aligned(): OK
bakery_lint.tests.downstream.test_fontforge_validation_state.FontForgeValidateStateTest.test_points_are_not_too_far_apart(): OK
bakery_lint.tests.downstream.test_fontforge_validation_state.FontForgeValidateStateTest.test_postscript_hasnt_limit_hints_in_glyphs(): OK
bakery_lint.tests.downstream.test_fontforge_validation_state.FontForgeValidateStateTest.test_postscript_hasnt_limit_points_in_glyphs(): OK
bakery_lint.tests.downstream.test_fontforge_validation_state.FontForgeValidateStateTest.test_referenced_glyphs_are_present(): OK
bakery_lint.tests.downstream.test_fontforge_validation_state.FontForgeValidateStateTest.test_valid_glyph_names(): FAIL
bakery_lint.tests.downstream.test_fontforge_validation_state.FontForgeValidateStateTest.test_valid_length_instructions(): OK
bakery_lint.tests.downstream.test_fontforge_validation_state.FontForgeValidateStateTest.test_validation_glyph_intersect(): OK
bakery_lint.tests.downstream.test_fontforge_validation_state.FontForgeValidateStateTest.test_validation_open_contours(): OK
bakery_lint.tests.downstream.test_fontforge_validation_state.FontForgeValidateStateTest.test_wrong_direction_in_glyphs(): OK
bakery_lint.tests.downstream.test_check_no_problematic_formats.CheckNoProblematicFormats.test_check_no_problematic_formats(): OK
bakery_lint.tests.downstream.test_check_upm_heights_less_120.TestCheckUPMHeightsLess120.test_check_upm_heigths_less_120(): OK
bakery_lint.tests.downstream.test_check_font_tables.CheckFontHasDsigTable.test_check_font_has_dsig_table(): FAIL
$ fontbakery-fix-dsig.py /home/travis/build/fontdirectory/quattrocentosans/builds/build/QuattrocentoSans-BoldItalic.ttf
$ mv /home/travis/build/fontdirectory/quattrocentosans/builds/build/QuattrocentoSans-BoldItalic.ttf.fix /home/travis/build/fontdirectory/quattrocentosans/builds/build/QuattrocentoSans-BoldItalic.ttf
bakery_lint.tests.downstream.test_check_font_tables.CheckFontHasDsigTable.test_check_font_has_dsig_table(): OK
bakery_lint.tests.downstream.test_check_font_tables.CheckFontHasNotKernTable.test_no_kern_table_exists(): OK
bakery_lint.tests.downstream.test_check_os2_width_class.CheckOS2WidthClass.test_check_os2_width_class(): OK
bakery_lint.tests.downstream.test_check_glyf_table_length.CheckGlyfTableLength.test_check_glyf_table_length(): FAIL
bakery_lint.tests.downstream.test_check_name_table_recommendation.CheckStyleNameRecommendation.test_check_stylename_is_under_recommendations(): OK
bakery_lint.tests.downstream.test_check_name_table_recommendation.CheckOTFamilyNameRecommendation.test_check_opentype_familyname(): FAIL
$ fontbakery-fix-opentype-names.py /home/travis/build/fontdirectory/quattrocentosans/builds/build/QuattrocentoSans-BoldItalic.ttf
$ mv /home/travis/build/fontdirectory/quattrocentosans/builds/build/QuattrocentoSans-BoldItalic.ttf.fix /home/travis/build/fontdirectory/quattrocentosans/builds/build/QuattrocentoSans-BoldItalic.ttf
bakery_lint.tests.downstream.test_check_name_table_recommendation.CheckOTFamilyNameRecommendation.test_check_opentype_familyname(): OK
bakery_lint.tests.downstream.test_check_name_table_recommendation.CheckOTStyleNameRecommendation.test_check_opentype_stylename(): OK
bakery_lint.tests.downstream.test_check_name_table_recommendation.CheckOTFullNameRecommendation.test_check_opentype_fullname(): OK
bakery_lint.tests.downstream.test_check_hmtx_hhea_max_advance_width_agreement.CheckHmtxHheaMaxAdvanceWidthAgreement.test_check_hmtx_hhea_max_advance_width_agreement(): OK
bakery_lint.tests.downstream.test_gpos_table_has_kerning_info.CheckGposTableHasKerningInfo.test_gpos_table_has_kerning_info(): OK
bakery_lint.tests.downstream.test_check_names_same_across_platforms.CheckNamesSameAcrossPlatforms.test_check_names_same_across_platforms(): OK
bakery_lint.tests.downstream.test_check_panose_identification.CheckPanoseIdentification.test_check_panose_identification(): OK
bakery_lint.tests.downstream.test_check_unencoded_glyph.TestFontUnencodedGlyph.test_font_unencoded_glyphs(): FAIL
$ fontbakery-fix-glyph-private-encoding.py --autofix /home/travis/build/fontdirectory/quattrocentosans/builds/build/QuattrocentoSans-BoldItalic.ttf
$ mv /home/travis/build/fontdirectory/quattrocentosans/builds/build/QuattrocentoSans-BoldItalic.ttf.fix /home/travis/build/fontdirectory/quattrocentosans/builds/build/QuattrocentoSans-BoldItalic.ttf
bakery_lint.tests.downstream.test_check_unencoded_glyph.TestFontUnencodedGlyph.test_font_unencoded_glyphs(): FAIL
bakery_lint.tests.downstream.test_check_magic_prep_code.CheckMagicPREPByteCode.test_prep_magic_code(): FAIL
bakery_lint.tests.downstream.test_check_glyph_existence.CheckGlyphExistence.test_euro(): OK
bakery_lint.tests.downstream.test_check_glyph_existence.CheckGlyphExistence.test_nbsp(): OK
bakery_lint.tests.downstream.test_check_glyph_existence.CheckGlyphExistence.test_space(): OK
bakery_lint.tests.downstream.test_check_nbsp_width_matches_sp_width.CheckNbspWidthMatchesSpWidth.test_check_nbsp_width_matches_sp_width(): OK
bakery_lint.tests.downstream.test_check_unused_glyph_data.CheckUnusedGlyphData.test_check_unused_glyph_data(): ERROR
bakery_lint.tests.downstream.test_check_license_included.CheckLicenseIncluded.test_license_included_in_font_names(): OK
bakery_lint.tests.downstream.test_check_fontname_matches_macstyle.CheckFontNameEqualToMacStyleFlags.test_fontname_is_equal_to_macstyle(): FAIL
bakery_lint.tests.downstream.test_gasp_table_value.CheckGaspTableType.test_check_gasp_table_type(): OK
$ fontbakery-fix-gasp.py --set=15 /home/travis/build/fontdirectory/quattrocentosans/builds/build/QuattrocentoSans-BoldItalic.ttf
$ mv /home/travis/build/fontdirectory/quattrocentosans/builds/build/QuattrocentoSans-BoldItalic.ttf.fix /home/travis/build/fontdirectory/quattrocentosans/builds/build/QuattrocentoSans-BoldItalic.ttf
bakery_lint.tests.downstream.test_check_font_agreements.CheckFsTypeIsNotSet.test_is_fstype_not_set(): OK
$ fontbakery-fix-fstype.py --autofix /home/travis/build/fontdirectory/quattrocentosans/builds/build/QuattrocentoSans-BoldItalic.ttf
$ mv /home/travis/build/fontdirectory/quattrocentosans/builds/build/QuattrocentoSans-BoldItalic.ttf.fix /home/travis/build/fontdirectory/quattrocentosans/builds/build/QuattrocentoSans-BoldItalic.ttf
bakery_lint.tests.downstream.test_check_font_agreements.CheckFontAgreements.test_em_is_1000(): OK
bakery_lint.tests.downstream.test_check_font_agreements.CheckFontAgreements.test_font_is_font(): OK
bakery_lint.tests.downstream.test_check_font_agreements.CheckFontAgreements.test_latin_file_exists(): FAIL
bakery_lint.tests.downstream.test_check_font_agreements.CheckFontAgreements.test_menu_file_exists(): FAIL
### Optimize TTF QuattrocentoSans-BoldItalic.ttf
$ ls -l 'QuattrocentoSans-BoldItalic.ttf'* # look at the size savings of that subset process
QuattrocentoSans-BoldItalic.ttf.opt: 93468 bytes
QuattrocentoSans-BoldItalic.ttf: 102164 bytes
$ mv /home/travis/build/fontdirectory/quattrocentosans/builds/build/QuattrocentoSans-BoldItalic.ttf.opt /home/travis/build/fontdirectory/quattrocentosans/builds/build/QuattrocentoSans-BoldItalic.ttf
### Autohint TTFs (ttfautohint) QuattrocentoSans-BoldItalic.ttf
$ ttfautohint -l 7 -r 28 -G 50 -x 13 -w "G" /home/travis/build/fontdirectory/quattrocentosans/builds/build/QuattrocentoSans-BoldItalic.ttf '/home/travis/build/fontdirectory/quattrocentosans/builds/build/QuattrocentoSans-BoldItalic.autohint.ttf'

$ ls -l /home/travis/build/fontdirectory/quattrocentosans/builds/build/QuattrocentoSans-BoldItalic.*ttf # look at the size savings of that subset process
/home/travis/build/fontdirectory/quattrocentosans/builds/build/QuattrocentoSans-BoldItalic.ttf: 93468 bytes
/home/travis/build/fontdirectory/quattrocentosans/builds/build/QuattrocentoSans-BoldItalic.autohint.ttf: 61952 bytes
$ mv /home/travis/build/fontdirectory/quattrocentosans/builds/build/QuattrocentoSans-BoldItalic.autohint.ttf /home/travis/build/fontdirectory/quattrocentosans/builds/build/QuattrocentoSans-BoldItalic.ttf
### Subset TTFs (pyftsubset) QuattrocentoSans-BoldItalic.ttf
$ pyftsubset QuattrocentoSans-BoldItalic.latin
$ pyftsubset QuattrocentoSans-BoldItalic.menu
strippedname:/home/travis/build/fontdirectory/quattrocentosans/builds/build/QuattrocentoSans-BoldItalic.ttf
### Test QuattrocentoSans-Bold.ttf
$ fontbakery-check.py result QuattrocentoSans-Bold.ttf
bakery_lint.tests.downstream.test_names_are_ascii_only.CheckNamesAreASCIIOnly.test_check_names_are_ascii_only(): OK
bakery_lint.tests.downstream.test_check_full_font_name_begins_with_family_name.CheckFullFontNameBeginsWithFamilyName.test_check_full_font_name_begins_with_family_name(): OK
bakery_lint.tests.downstream.test_check_vertical_metrics.CheckVerticalLinegapMetrics.test_metrics_linegaps_are_zero(): OK
bakery_lint.tests.downstream.test_check_vertical_metrics.CheckVerticalAscentMetrics.test_metrics_ascents_equal_bbox(): OK
bakery_lint.tests.downstream.test_check_vertical_metrics.CheckVerticalDescentMetrics.test_metrics_descents_equal_bbox(): OK
bakery_lint.tests.downstream.test_check_italic_angle_agreement.CheckItalicAngleAgreement.test_check_italic_angle_agreement(): OK
This font contains both a 'kern' table and a 'GPOS' table.
  The 'kern' table will only be read if there is no 'kern' feature in 'GPOS'.
bakery_lint.tests.downstream.test_fontforge_validation_state.FontForgeValidateStateTest.test_allowed_numbers_paths_in_composite_glyphs(): OK
bakery_lint.tests.downstream.test_fontforge_validation_state.FontForgeValidateStateTest.test_allowed_numbers_paths_in_glyphs(): OK
bakery_lint.tests.downstream.test_fontforge_validation_state.FontForgeValidateStateTest.test_allowed_numbers_points_in_composite_glyphs(): OK
bakery_lint.tests.downstream.test_fontforge_validation_state.FontForgeValidateStateTest.test_allowed_numbers_points_in_glyphs(): OK
bakery_lint.tests.downstream.test_fontforge_validation_state.FontForgeValidateStateTest.test_duplicate_glyphs(): OK
bakery_lint.tests.downstream.test_fontforge_validation_state.FontForgeValidateStateTest.test_duplicate_unicode_codepoints(): OK
bakery_lint.tests.downstream.test_fontforge_validation_state.FontForgeValidateStateTest.test_flipped_reference_in_glyphs(): OK
bakery_lint.tests.downstream.test_fontforge_validation_state.FontForgeValidateStateTest.test_missing_anchors(): OK
bakery_lint.tests.downstream.test_fontforge_validation_state.FontForgeValidateStateTest.test_missing_extrema_in_glyphs(): OK
bakery_lint.tests.downstream.test_fontforge_validation_state.FontForgeValidateStateTest.test_overlapped_hints(): OK
bakery_lint.tests.downstream.test_fontforge_validation_state.FontForgeValidateStateTest.test_points_are_integer_aligned(): OK
bakery_lint.tests.downstream.test_fontforge_validation_state.FontForgeValidateStateTest.test_points_are_not_too_far_apart(): OK
bakery_lint.tests.downstream.test_fontforge_validation_state.FontForgeValidateStateTest.test_postscript_hasnt_limit_hints_in_glyphs(): OK
bakery_lint.tests.downstream.test_fontforge_validation_state.FontForgeValidateStateTest.test_postscript_hasnt_limit_points_in_glyphs(): OK
bakery_lint.tests.downstream.test_fontforge_validation_state.FontForgeValidateStateTest.test_referenced_glyphs_are_present(): OK
bakery_lint.tests.downstream.test_fontforge_validation_state.FontForgeValidateStateTest.test_valid_glyph_names(): FAIL
bakery_lint.tests.downstream.test_fontforge_validation_state.FontForgeValidateStateTest.test_valid_length_instructions(): OK
bakery_lint.tests.downstream.test_fontforge_validation_state.FontForgeValidateStateTest.test_validation_glyph_intersect(): OK
bakery_lint.tests.downstream.test_fontforge_validation_state.FontForgeValidateStateTest.test_validation_open_contours(): OK
bakery_lint.tests.downstream.test_fontforge_validation_state.FontForgeValidateStateTest.test_wrong_direction_in_glyphs(): OK
bakery_lint.tests.downstream.test_check_no_problematic_formats.CheckNoProblematicFormats.test_check_no_problematic_formats(): OK
bakery_lint.tests.downstream.test_check_upm_heights_less_120.TestCheckUPMHeightsLess120.test_check_upm_heigths_less_120(): OK
bakery_lint.tests.downstream.test_check_font_tables.CheckFontHasDsigTable.test_check_font_has_dsig_table(): FAIL
$ fontbakery-fix-dsig.py /home/travis/build/fontdirectory/quattrocentosans/builds/build/QuattrocentoSans-Bold.ttf
$ mv /home/travis/build/fontdirectory/quattrocentosans/builds/build/QuattrocentoSans-Bold.ttf.fix /home/travis/build/fontdirectory/quattrocentosans/builds/build/QuattrocentoSans-Bold.ttf
bakery_lint.tests.downstream.test_check_font_tables.CheckFontHasDsigTable.test_check_font_has_dsig_table(): OK
bakery_lint.tests.downstream.test_check_font_tables.CheckFontHasNotKernTable.test_no_kern_table_exists(): OK
bakery_lint.tests.downstream.test_check_os2_width_class.CheckOS2WidthClass.test_check_os2_width_class(): OK
bakery_lint.tests.downstream.test_check_glyf_table_length.CheckGlyfTableLength.test_check_glyf_table_length(): FAIL
bakery_lint.tests.downstream.test_check_name_table_recommendation.CheckStyleNameRecommendation.test_check_stylename_is_under_recommendations(): OK
bakery_lint.tests.downstream.test_check_name_table_recommendation.CheckOTFamilyNameRecommendation.test_check_opentype_familyname(): FAIL
$ fontbakery-fix-opentype-names.py /home/travis/build/fontdirectory/quattrocentosans/builds/build/QuattrocentoSans-Bold.ttf
$ mv /home/travis/build/fontdirectory/quattrocentosans/builds/build/QuattrocentoSans-Bold.ttf.fix /home/travis/build/fontdirectory/quattrocentosans/builds/build/QuattrocentoSans-Bold.ttf
bakery_lint.tests.downstream.test_check_name_table_recommendation.CheckOTFamilyNameRecommendation.test_check_opentype_familyname(): OK
bakery_lint.tests.downstream.test_check_name_table_recommendation.CheckOTStyleNameRecommendation.test_check_opentype_stylename(): OK
bakery_lint.tests.downstream.test_check_name_table_recommendation.CheckOTFullNameRecommendation.test_check_opentype_fullname(): OK
bakery_lint.tests.downstream.test_check_hmtx_hhea_max_advance_width_agreement.CheckHmtxHheaMaxAdvanceWidthAgreement.test_check_hmtx_hhea_max_advance_width_agreement(): OK
bakery_lint.tests.downstream.test_gpos_table_has_kerning_info.CheckGposTableHasKerningInfo.test_gpos_table_has_kerning_info(): OK
bakery_lint.tests.downstream.test_check_names_same_across_platforms.CheckNamesSameAcrossPlatforms.test_check_names_same_across_platforms(): OK
bakery_lint.tests.downstream.test_check_panose_identification.CheckPanoseIdentification.test_check_panose_identification(): OK
bakery_lint.tests.downstream.test_check_unencoded_glyph.TestFontUnencodedGlyph.test_font_unencoded_glyphs(): FAIL
$ fontbakery-fix-glyph-private-encoding.py --autofix /home/travis/build/fontdirectory/quattrocentosans/builds/build/QuattrocentoSans-Bold.ttf
$ mv /home/travis/build/fontdirectory/quattrocentosans/builds/build/QuattrocentoSans-Bold.ttf.fix /home/travis/build/fontdirectory/quattrocentosans/builds/build/QuattrocentoSans-Bold.ttf
bakery_lint.tests.downstream.test_check_unencoded_glyph.TestFontUnencodedGlyph.test_font_unencoded_glyphs(): FAIL
bakery_lint.tests.downstream.test_check_magic_prep_code.CheckMagicPREPByteCode.test_prep_magic_code(): FAIL
bakery_lint.tests.downstream.test_check_glyph_existence.CheckGlyphExistence.test_euro(): OK
bakery_lint.tests.downstream.test_check_glyph_existence.CheckGlyphExistence.test_nbsp(): OK
bakery_lint.tests.downstream.test_check_glyph_existence.CheckGlyphExistence.test_space(): OK
bakery_lint.tests.downstream.test_check_nbsp_width_matches_sp_width.CheckNbspWidthMatchesSpWidth.test_check_nbsp_width_matches_sp_width(): OK
bakery_lint.tests.downstream.test_check_unused_glyph_data.CheckUnusedGlyphData.test_check_unused_glyph_data(): ERROR
bakery_lint.tests.downstream.test_check_license_included.CheckLicenseIncluded.test_license_included_in_font_names(): OK
bakery_lint.tests.downstream.test_check_fontname_matches_macstyle.CheckFontNameEqualToMacStyleFlags.test_fontname_is_equal_to_macstyle(): FAIL
bakery_lint.tests.downstream.test_gasp_table_value.CheckGaspTableType.test_check_gasp_table_type(): OK
$ fontbakery-fix-gasp.py --set=15 /home/travis/build/fontdirectory/quattrocentosans/builds/build/QuattrocentoSans-Bold.ttf
$ mv /home/travis/build/fontdirectory/quattrocentosans/builds/build/QuattrocentoSans-Bold.ttf.fix /home/travis/build/fontdirectory/quattrocentosans/builds/build/QuattrocentoSans-Bold.ttf
bakery_lint.tests.downstream.test_check_font_agreements.CheckFsTypeIsNotSet.test_is_fstype_not_set(): OK
$ fontbakery-fix-fstype.py --autofix /home/travis/build/fontdirectory/quattrocentosans/builds/build/QuattrocentoSans-Bold.ttf
$ mv /home/travis/build/fontdirectory/quattrocentosans/builds/build/QuattrocentoSans-Bold.ttf.fix /home/travis/build/fontdirectory/quattrocentosans/builds/build/QuattrocentoSans-Bold.ttf
bakery_lint.tests.downstream.test_check_font_agreements.CheckFontAgreements.test_em_is_1000(): OK
bakery_lint.tests.downstream.test_check_font_agreements.CheckFontAgreements.test_font_is_font(): OK
bakery_lint.tests.downstream.test_check_font_agreements.CheckFontAgreements.test_latin_file_exists(): FAIL
bakery_lint.tests.downstream.test_check_font_agreements.CheckFontAgreements.test_menu_file_exists(): FAIL
### Optimize TTF QuattrocentoSans-Bold.ttf
$ ls -l 'QuattrocentoSans-Bold.ttf'* # look at the size savings of that subset process
QuattrocentoSans-Bold.ttf.opt: 93384 bytes
QuattrocentoSans-Bold.ttf: 101980 bytes
$ mv /home/travis/build/fontdirectory/quattrocentosans/builds/build/QuattrocentoSans-Bold.ttf.opt /home/travis/build/fontdirectory/quattrocentosans/builds/build/QuattrocentoSans-Bold.ttf
### Autohint TTFs (ttfautohint) QuattrocentoSans-Bold.ttf
$ ttfautohint -l 7 -r 28 -G 50 -x 13 -w "G" /home/travis/build/fontdirectory/quattrocentosans/builds/build/QuattrocentoSans-Bold.ttf '/home/travis/build/fontdirectory/quattrocentosans/builds/build/QuattrocentoSans-Bold.autohint.ttf'

$ ls -l /home/travis/build/fontdirectory/quattrocentosans/builds/build/QuattrocentoSans-Bold.*ttf # look at the size savings of that subset process
/home/travis/build/fontdirectory/quattrocentosans/builds/build/QuattrocentoSans-Bold.ttf: 93384 bytes
/home/travis/build/fontdirectory/quattrocentosans/builds/build/QuattrocentoSans-Bold.autohint.ttf: 60712 bytes
$ mv /home/travis/build/fontdirectory/quattrocentosans/builds/build/QuattrocentoSans-Bold.autohint.ttf /home/travis/build/fontdirectory/quattrocentosans/builds/build/QuattrocentoSans-Bold.ttf
### Subset TTFs (pyftsubset) QuattrocentoSans-Bold.ttf
$ pyftsubset QuattrocentoSans-Bold.latin
$ pyftsubset QuattrocentoSans-Bold.menu
strippedname:/home/travis/build/fontdirectory/quattrocentosans/builds/build/QuattrocentoSans-Bold.ttf
### Test QuattrocentoSans-Regular.ttf
$ fontbakery-check.py result QuattrocentoSans-Regular.ttf
bakery_lint.tests.downstream.test_names_are_ascii_only.CheckNamesAreASCIIOnly.test_check_names_are_ascii_only(): OK
bakery_lint.tests.downstream.test_check_full_font_name_begins_with_family_name.CheckFullFontNameBeginsWithFamilyName.test_check_full_font_name_begins_with_family_name(): OK
bakery_lint.tests.downstream.test_check_vertical_metrics.CheckVerticalLinegapMetrics.test_metrics_linegaps_are_zero(): OK
bakery_lint.tests.downstream.test_check_vertical_metrics.CheckVerticalAscentMetrics.test_metrics_ascents_equal_bbox(): OK
bakery_lint.tests.downstream.test_check_vertical_metrics.CheckVerticalDescentMetrics.test_metrics_descents_equal_bbox(): OK
bakery_lint.tests.downstream.test_check_italic_angle_agreement.CheckItalicAngleAgreement.test_check_italic_angle_agreement(): OK
This font contains both a 'kern' table and a 'GPOS' table.
  The 'kern' table will only be read if there is no 'kern' feature in 'GPOS'.
bakery_lint.tests.downstream.test_fontforge_validation_state.FontForgeValidateStateTest.test_allowed_numbers_paths_in_composite_glyphs(): OK
bakery_lint.tests.downstream.test_fontforge_validation_state.FontForgeValidateStateTest.test_allowed_numbers_paths_in_glyphs(): OK
bakery_lint.tests.downstream.test_fontforge_validation_state.FontForgeValidateStateTest.test_allowed_numbers_points_in_composite_glyphs(): OK
bakery_lint.tests.downstream.test_fontforge_validation_state.FontForgeValidateStateTest.test_allowed_numbers_points_in_glyphs(): OK
bakery_lint.tests.downstream.test_fontforge_validation_state.FontForgeValidateStateTest.test_duplicate_glyphs(): OK
bakery_lint.tests.downstream.test_fontforge_validation_state.FontForgeValidateStateTest.test_duplicate_unicode_codepoints(): OK
bakery_lint.tests.downstream.test_fontforge_validation_state.FontForgeValidateStateTest.test_flipped_reference_in_glyphs(): OK
bakery_lint.tests.downstream.test_fontforge_validation_state.FontForgeValidateStateTest.test_missing_anchors(): OK
bakery_lint.tests.downstream.test_fontforge_validation_state.FontForgeValidateStateTest.test_missing_extrema_in_glyphs(): OK
bakery_lint.tests.downstream.test_fontforge_validation_state.FontForgeValidateStateTest.test_overlapped_hints(): OK
bakery_lint.tests.downstream.test_fontforge_validation_state.FontForgeValidateStateTest.test_points_are_integer_aligned(): OK
bakery_lint.tests.downstream.test_fontforge_validation_state.FontForgeValidateStateTest.test_points_are_not_too_far_apart(): OK
bakery_lint.tests.downstream.test_fontforge_validation_state.FontForgeValidateStateTest.test_postscript_hasnt_limit_hints_in_glyphs(): OK
bakery_lint.tests.downstream.test_fontforge_validation_state.FontForgeValidateStateTest.test_postscript_hasnt_limit_points_in_glyphs(): OK
bakery_lint.tests.downstream.test_fontforge_validation_state.FontForgeValidateStateTest.test_referenced_glyphs_are_present(): OK
bakery_lint.tests.downstream.test_fontforge_validation_state.FontForgeValidateStateTest.test_valid_glyph_names(): OK
bakery_lint.tests.downstream.test_fontforge_validation_state.FontForgeValidateStateTest.test_valid_length_instructions(): OK
bakery_lint.tests.downstream.test_fontforge_validation_state.FontForgeValidateStateTest.test_validation_glyph_intersect(): OK
bakery_lint.tests.downstream.test_fontforge_validation_state.FontForgeValidateStateTest.test_validation_open_contours(): OK
bakery_lint.tests.downstream.test_fontforge_validation_state.FontForgeValidateStateTest.test_wrong_direction_in_glyphs(): OK
bakery_lint.tests.downstream.test_check_no_problematic_formats.CheckNoProblematicFormats.test_check_no_problematic_formats(): OK
bakery_lint.tests.downstream.test_check_upm_heights_less_120.TestCheckUPMHeightsLess120.test_check_upm_heigths_less_120(): OK
bakery_lint.tests.downstream.test_check_font_tables.CheckFontHasDsigTable.test_check_font_has_dsig_table(): FAIL
$ fontbakery-fix-dsig.py /home/travis/build/fontdirectory/quattrocentosans/builds/build/QuattrocentoSans-Regular.ttf
$ mv /home/travis/build/fontdirectory/quattrocentosans/builds/build/QuattrocentoSans-Regular.ttf.fix /home/travis/build/fontdirectory/quattrocentosans/builds/build/QuattrocentoSans-Regular.ttf
bakery_lint.tests.downstream.test_check_font_tables.CheckFontHasDsigTable.test_check_font_has_dsig_table(): OK
bakery_lint.tests.downstream.test_check_font_tables.CheckFontHasNotKernTable.test_no_kern_table_exists(): OK
bakery_lint.tests.downstream.test_check_os2_width_class.CheckOS2WidthClass.test_check_os2_width_class(): OK
bakery_lint.tests.downstream.test_check_glyf_table_length.CheckGlyfTableLength.test_check_glyf_table_length(): FAIL
bakery_lint.tests.downstream.test_check_name_table_recommendation.CheckStyleNameRecommendation.test_check_stylename_is_under_recommendations(): OK
bakery_lint.tests.downstream.test_check_name_table_recommendation.CheckOTFamilyNameRecommendation.test_check_opentype_familyname(): FAIL
$ fontbakery-fix-opentype-names.py /home/travis/build/fontdirectory/quattrocentosans/builds/build/QuattrocentoSans-Regular.ttf
$ mv /home/travis/build/fontdirectory/quattrocentosans/builds/build/QuattrocentoSans-Regular.ttf.fix /home/travis/build/fontdirectory/quattrocentosans/builds/build/QuattrocentoSans-Regular.ttf
bakery_lint.tests.downstream.test_check_name_table_recommendation.CheckOTFamilyNameRecommendation.test_check_opentype_familyname(): OK
bakery_lint.tests.downstream.test_check_name_table_recommendation.CheckOTStyleNameRecommendation.test_check_opentype_stylename(): OK
bakery_lint.tests.downstream.test_check_name_table_recommendation.CheckOTFullNameRecommendation.test_check_opentype_fullname(): OK
bakery_lint.tests.downstream.test_check_hmtx_hhea_max_advance_width_agreement.CheckHmtxHheaMaxAdvanceWidthAgreement.test_check_hmtx_hhea_max_advance_width_agreement(): OK
bakery_lint.tests.downstream.test_gpos_table_has_kerning_info.CheckGposTableHasKerningInfo.test_gpos_table_has_kerning_info(): OK
bakery_lint.tests.downstream.test_check_names_same_across_platforms.CheckNamesSameAcrossPlatforms.test_check_names_same_across_platforms(): OK
bakery_lint.tests.downstream.test_check_panose_identification.CheckPanoseIdentification.test_check_panose_identification(): OK
bakery_lint.tests.downstream.test_check_unencoded_glyph.TestFontUnencodedGlyph.test_font_unencoded_glyphs(): FAIL
$ fontbakery-fix-glyph-private-encoding.py --autofix /home/travis/build/fontdirectory/quattrocentosans/builds/build/QuattrocentoSans-Regular.ttf
bakery_lint.tests.downstream.test_check_unencoded_glyph.TestFontUnencodedGlyph.test_font_unencoded_glyphs(): FAIL
bakery_lint.tests.downstream.test_check_magic_prep_code.CheckMagicPREPByteCode.test_prep_magic_code(): FAIL
bakery_lint.tests.downstream.test_check_glyph_existence.CheckGlyphExistence.test_euro(): OK
bakery_lint.tests.downstream.test_check_glyph_existence.CheckGlyphExistence.test_nbsp(): OK
bakery_lint.tests.downstream.test_check_glyph_existence.CheckGlyphExistence.test_space(): OK
bakery_lint.tests.downstream.test_check_nbsp_width_matches_sp_width.CheckNbspWidthMatchesSpWidth.test_check_nbsp_width_matches_sp_width(): OK
bakery_lint.tests.downstream.test_check_unused_glyph_data.CheckUnusedGlyphData.test_check_unused_glyph_data(): ERROR
bakery_lint.tests.downstream.test_check_license_included.CheckLicenseIncluded.test_license_included_in_font_names(): OK
bakery_lint.tests.downstream.test_check_fontname_matches_macstyle.CheckFontNameEqualToMacStyleFlags.test_fontname_is_equal_to_macstyle(): FAIL
bakery_lint.tests.downstream.test_gasp_table_value.CheckGaspTableType.test_check_gasp_table_type(): OK
$ fontbakery-fix-gasp.py --set=15 /home/travis/build/fontdirectory/quattrocentosans/builds/build/QuattrocentoSans-Regular.ttf
$ mv /home/travis/build/fontdirectory/quattrocentosans/builds/build/QuattrocentoSans-Regular.ttf.fix /home/travis/build/fontdirectory/quattrocentosans/builds/build/QuattrocentoSans-Regular.ttf
bakery_lint.tests.downstream.test_check_font_agreements.CheckFsTypeIsNotSet.test_is_fstype_not_set(): OK
$ fontbakery-fix-fstype.py --autofix /home/travis/build/fontdirectory/quattrocentosans/builds/build/QuattrocentoSans-Regular.ttf
$ mv /home/travis/build/fontdirectory/quattrocentosans/builds/build/QuattrocentoSans-Regular.ttf.fix /home/travis/build/fontdirectory/quattrocentosans/builds/build/QuattrocentoSans-Regular.ttf
bakery_lint.tests.downstream.test_check_font_agreements.CheckFontAgreements.test_em_is_1000(): OK
bakery_lint.tests.downstream.test_check_font_agreements.CheckFontAgreements.test_font_is_font(): OK
bakery_lint.tests.downstream.test_check_font_agreements.CheckFontAgreements.test_latin_file_exists(): FAIL
bakery_lint.tests.downstream.test_check_font_agreements.CheckFontAgreements.test_menu_file_exists(): FAIL
### Optimize TTF QuattrocentoSans-Regular.ttf
$ ls -l 'QuattrocentoSans-Regular.ttf'* # look at the size savings of that subset process
QuattrocentoSans-Regular.ttf.opt: 88788 bytes
QuattrocentoSans-Regular.ttf: 97344 bytes
$ mv /home/travis/build/fontdirectory/quattrocentosans/builds/build/QuattrocentoSans-Regular.ttf.opt /home/travis/build/fontdirectory/quattrocentosans/builds/build/QuattrocentoSans-Regular.ttf
### Autohint TTFs (ttfautohint) QuattrocentoSans-Regular.ttf
$ ttfautohint -l 7 -r 28 -G 50 -x 13 -w "G" /home/travis/build/fontdirectory/quattrocentosans/builds/build/QuattrocentoSans-Regular.ttf '/home/travis/build/fontdirectory/quattrocentosans/builds/build/QuattrocentoSans-Regular.autohint.ttf'

$ ls -l /home/travis/build/fontdirectory/quattrocentosans/builds/build/QuattrocentoSans-Regular.*ttf # look at the size savings of that subset process
/home/travis/build/fontdirectory/quattrocentosans/builds/build/QuattrocentoSans-Regular.ttf: 88788 bytes
/home/travis/build/fontdirectory/quattrocentosans/builds/build/QuattrocentoSans-Regular.autohint.ttf: 57008 bytes
$ mv /home/travis/build/fontdirectory/quattrocentosans/builds/build/QuattrocentoSans-Regular.autohint.ttf /home/travis/build/fontdirectory/quattrocentosans/builds/build/QuattrocentoSans-Regular.ttf
### Subset TTFs (pyftsubset) QuattrocentoSans-Regular.ttf
$ pyftsubset QuattrocentoSans-Regular.latin
$ pyftsubset QuattrocentoSans-Regular.menu
strippedname:/home/travis/build/fontdirectory/quattrocentosans/builds/build/QuattrocentoSans-Regular.ttf
### Test QuattrocentoSans-Italic.ttf
$ fontbakery-check.py result QuattrocentoSans-Italic.ttf
bakery_lint.tests.downstream.test_names_are_ascii_only.CheckNamesAreASCIIOnly.test_check_names_are_ascii_only(): OK
bakery_lint.tests.downstream.test_check_full_font_name_begins_with_family_name.CheckFullFontNameBeginsWithFamilyName.test_check_full_font_name_begins_with_family_name(): OK
bakery_lint.tests.downstream.test_check_vertical_metrics.CheckVerticalLinegapMetrics.test_metrics_linegaps_are_zero(): OK
bakery_lint.tests.downstream.test_check_vertical_metrics.CheckVerticalAscentMetrics.test_metrics_ascents_equal_bbox(): OK
bakery_lint.tests.downstream.test_check_vertical_metrics.CheckVerticalDescentMetrics.test_metrics_descents_equal_bbox(): OK
bakery_lint.tests.downstream.test_check_italic_angle_agreement.CheckItalicAngleAgreement.test_check_italic_angle_agreement(): OK
This font contains both a 'kern' table and a 'GPOS' table.
  The 'kern' table will only be read if there is no 'kern' feature in 'GPOS'.
bakery_lint.tests.downstream.test_fontforge_validation_state.FontForgeValidateStateTest.test_allowed_numbers_paths_in_composite_glyphs(): OK
bakery_lint.tests.downstream.test_fontforge_validation_state.FontForgeValidateStateTest.test_allowed_numbers_paths_in_glyphs(): OK
bakery_lint.tests.downstream.test_fontforge_validation_state.FontForgeValidateStateTest.test_allowed_numbers_points_in_composite_glyphs(): OK
bakery_lint.tests.downstream.test_fontforge_validation_state.FontForgeValidateStateTest.test_allowed_numbers_points_in_glyphs(): OK
bakery_lint.tests.downstream.test_fontforge_validation_state.FontForgeValidateStateTest.test_duplicate_glyphs(): OK
bakery_lint.tests.downstream.test_fontforge_validation_state.FontForgeValidateStateTest.test_duplicate_unicode_codepoints(): OK
bakery_lint.tests.downstream.test_fontforge_validation_state.FontForgeValidateStateTest.test_flipped_reference_in_glyphs(): OK
bakery_lint.tests.downstream.test_fontforge_validation_state.FontForgeValidateStateTest.test_missing_anchors(): OK
bakery_lint.tests.downstream.test_fontforge_validation_state.FontForgeValidateStateTest.test_missing_extrema_in_glyphs(): OK
bakery_lint.tests.downstream.test_fontforge_validation_state.FontForgeValidateStateTest.test_overlapped_hints(): OK
bakery_lint.tests.downstream.test_fontforge_validation_state.FontForgeValidateStateTest.test_points_are_integer_aligned(): OK
bakery_lint.tests.downstream.test_fontforge_validation_state.FontForgeValidateStateTest.test_points_are_not_too_far_apart(): OK
bakery_lint.tests.downstream.test_fontforge_validation_state.FontForgeValidateStateTest.test_postscript_hasnt_limit_hints_in_glyphs(): OK
bakery_lint.tests.downstream.test_fontforge_validation_state.FontForgeValidateStateTest.test_postscript_hasnt_limit_points_in_glyphs(): OK
bakery_lint.tests.downstream.test_fontforge_validation_state.FontForgeValidateStateTest.test_referenced_glyphs_are_present(): OK
bakery_lint.tests.downstream.test_fontforge_validation_state.FontForgeValidateStateTest.test_valid_glyph_names(): FAIL
bakery_lint.tests.downstream.test_fontforge_validation_state.FontForgeValidateStateTest.test_valid_length_instructions(): OK
bakery_lint.tests.downstream.test_fontforge_validation_state.FontForgeValidateStateTest.test_validation_glyph_intersect(): OK
bakery_lint.tests.downstream.test_fontforge_validation_state.FontForgeValidateStateTest.test_validation_open_contours(): OK
bakery_lint.tests.downstream.test_fontforge_validation_state.FontForgeValidateStateTest.test_wrong_direction_in_glyphs(): OK
bakery_lint.tests.downstream.test_check_no_problematic_formats.CheckNoProblematicFormats.test_check_no_problematic_formats(): OK
bakery_lint.tests.downstream.test_check_upm_heights_less_120.TestCheckUPMHeightsLess120.test_check_upm_heigths_less_120(): OK
bakery_lint.tests.downstream.test_check_font_tables.CheckFontHasDsigTable.test_check_font_has_dsig_table(): FAIL
$ fontbakery-fix-dsig.py /home/travis/build/fontdirectory/quattrocentosans/builds/build/QuattrocentoSans-Italic.ttf
$ mv /home/travis/build/fontdirectory/quattrocentosans/builds/build/QuattrocentoSans-Italic.ttf.fix /home/travis/build/fontdirectory/quattrocentosans/builds/build/QuattrocentoSans-Italic.ttf
bakery_lint.tests.downstream.test_check_font_tables.CheckFontHasDsigTable.test_check_font_has_dsig_table(): OK
bakery_lint.tests.downstream.test_check_font_tables.CheckFontHasNotKernTable.test_no_kern_table_exists(): OK
bakery_lint.tests.downstream.test_check_os2_width_class.CheckOS2WidthClass.test_check_os2_width_class(): OK
bakery_lint.tests.downstream.test_check_glyf_table_length.CheckGlyfTableLength.test_check_glyf_table_length(): FAIL
bakery_lint.tests.downstream.test_check_name_table_recommendation.CheckStyleNameRecommendation.test_check_stylename_is_under_recommendations(): OK
bakery_lint.tests.downstream.test_check_name_table_recommendation.CheckOTFamilyNameRecommendation.test_check_opentype_familyname(): FAIL
$ fontbakery-fix-opentype-names.py /home/travis/build/fontdirectory/quattrocentosans/builds/build/QuattrocentoSans-Italic.ttf
$ mv /home/travis/build/fontdirectory/quattrocentosans/builds/build/QuattrocentoSans-Italic.ttf.fix /home/travis/build/fontdirectory/quattrocentosans/builds/build/QuattrocentoSans-Italic.ttf
bakery_lint.tests.downstream.test_check_name_table_recommendation.CheckOTFamilyNameRecommendation.test_check_opentype_familyname(): OK
bakery_lint.tests.downstream.test_check_name_table_recommendation.CheckOTStyleNameRecommendation.test_check_opentype_stylename(): FAIL
$ fontbakery-fix-opentype-names.py /home/travis/build/fontdirectory/quattrocentosans/builds/build/QuattrocentoSans-Italic.ttf
$ mv /home/travis/build/fontdirectory/quattrocentosans/builds/build/QuattrocentoSans-Italic.ttf.fix /home/travis/build/fontdirectory/quattrocentosans/builds/build/QuattrocentoSans-Italic.ttf
bakery_lint.tests.downstream.test_check_name_table_recommendation.CheckOTStyleNameRecommendation.test_check_opentype_stylename(): FAIL
bakery_lint.tests.downstream.test_check_name_table_recommendation.CheckOTFullNameRecommendation.test_check_opentype_fullname(): OK
bakery_lint.tests.downstream.test_check_hmtx_hhea_max_advance_width_agreement.CheckHmtxHheaMaxAdvanceWidthAgreement.test_check_hmtx_hhea_max_advance_width_agreement(): OK
bakery_lint.tests.downstream.test_gpos_table_has_kerning_info.CheckGposTableHasKerningInfo.test_gpos_table_has_kerning_info(): OK
bakery_lint.tests.downstream.test_check_names_same_across_platforms.CheckNamesSameAcrossPlatforms.test_check_names_same_across_platforms(): OK
bakery_lint.tests.downstream.test_check_panose_identification.CheckPanoseIdentification.test_check_panose_identification(): OK
bakery_lint.tests.downstream.test_check_unencoded_glyph.TestFontUnencodedGlyph.test_font_unencoded_glyphs(): FAIL
$ fontbakery-fix-glyph-private-encoding.py --autofix /home/travis/build/fontdirectory/quattrocentosans/builds/build/QuattrocentoSans-Italic.ttf
$ mv /home/travis/build/fontdirectory/quattrocentosans/builds/build/QuattrocentoSans-Italic.ttf.fix /home/travis/build/fontdirectory/quattrocentosans/builds/build/QuattrocentoSans-Italic.ttf
bakery_lint.tests.downstream.test_check_unencoded_glyph.TestFontUnencodedGlyph.test_font_unencoded_glyphs(): FAIL
bakery_lint.tests.downstream.test_check_magic_prep_code.CheckMagicPREPByteCode.test_prep_magic_code(): FAIL
bakery_lint.tests.downstream.test_check_glyph_existence.CheckGlyphExistence.test_euro(): OK
bakery_lint.tests.downstream.test_check_glyph_existence.CheckGlyphExistence.test_nbsp(): OK
bakery_lint.tests.downstream.test_check_glyph_existence.CheckGlyphExistence.test_space(): OK
bakery_lint.tests.downstream.test_check_nbsp_width_matches_sp_width.CheckNbspWidthMatchesSpWidth.test_check_nbsp_width_matches_sp_width(): OK
bakery_lint.tests.downstream.test_check_unused_glyph_data.CheckUnusedGlyphData.test_check_unused_glyph_data(): ERROR
bakery_lint.tests.downstream.test_check_license_included.CheckLicenseIncluded.test_license_included_in_font_names(): OK
bakery_lint.tests.downstream.test_check_fontname_matches_macstyle.CheckFontNameEqualToMacStyleFlags.test_fontname_is_equal_to_macstyle(): FAIL
bakery_lint.tests.downstream.test_gasp_table_value.CheckGaspTableType.test_check_gasp_table_type(): OK
$ fontbakery-fix-gasp.py --set=15 /home/travis/build/fontdirectory/quattrocentosans/builds/build/QuattrocentoSans-Italic.ttf
$ mv /home/travis/build/fontdirectory/quattrocentosans/builds/build/QuattrocentoSans-Italic.ttf.fix /home/travis/build/fontdirectory/quattrocentosans/builds/build/QuattrocentoSans-Italic.ttf
bakery_lint.tests.downstream.test_check_font_agreements.CheckFsTypeIsNotSet.test_is_fstype_not_set(): OK
$ fontbakery-fix-fstype.py --autofix /home/travis/build/fontdirectory/quattrocentosans/builds/build/QuattrocentoSans-Italic.ttf
$ mv /home/travis/build/fontdirectory/quattrocentosans/builds/build/QuattrocentoSans-Italic.ttf.fix /home/travis/build/fontdirectory/quattrocentosans/builds/build/QuattrocentoSans-Italic.ttf
bakery_lint.tests.downstream.test_check_font_agreements.CheckFontAgreements.test_em_is_1000(): OK
bakery_lint.tests.downstream.test_check_font_agreements.CheckFontAgreements.test_font_is_font(): OK
bakery_lint.tests.downstream.test_check_font_agreements.CheckFontAgreements.test_latin_file_exists(): FAIL
bakery_lint.tests.downstream.test_check_font_agreements.CheckFontAgreements.test_menu_file_exists(): FAIL
### Optimize TTF QuattrocentoSans-Italic.ttf
$ ls -l 'QuattrocentoSans-Italic.ttf'* # look at the size savings of that subset process
QuattrocentoSans-Italic.ttf.opt: 94268 bytes
QuattrocentoSans-Italic.ttf: 110136 bytes
$ mv /home/travis/build/fontdirectory/quattrocentosans/builds/build/QuattrocentoSans-Italic.ttf.opt /home/travis/build/fontdirectory/quattrocentosans/builds/build/QuattrocentoSans-Italic.ttf
### Autohint TTFs (ttfautohint) QuattrocentoSans-Italic.ttf
$ ttfautohint -l 7 -r 28 -G 50 -x 13 -w "G" /home/travis/build/fontdirectory/quattrocentosans/builds/build/QuattrocentoSans-Italic.ttf '/home/travis/build/fontdirectory/quattrocentosans/builds/build/QuattrocentoSans-Italic.autohint.ttf'

$ ls -l /home/travis/build/fontdirectory/quattrocentosans/builds/build/QuattrocentoSans-Italic.*ttf # look at the size savings of that subset process
/home/travis/build/fontdirectory/quattrocentosans/builds/build/QuattrocentoSans-Italic.ttf: 94268 bytes
/home/travis/build/fontdirectory/quattrocentosans/builds/build/QuattrocentoSans-Italic.autohint.ttf: 64164 bytes
$ mv /home/travis/build/fontdirectory/quattrocentosans/builds/build/QuattrocentoSans-Italic.autohint.ttf /home/travis/build/fontdirectory/quattrocentosans/builds/build/QuattrocentoSans-Italic.ttf
### Subset TTFs (pyftsubset) QuattrocentoSans-Italic.ttf
$ pyftsubset QuattrocentoSans-Italic.latin
$ pyftsubset QuattrocentoSans-Italic.menu
strippedname:/home/travis/build/fontdirectory/quattrocentosans/builds/build/QuattrocentoSans-Italic.ttf
### (5 of 6) Generate METADATA.json (fontbakery-build-metadata.py)
$ fontbakery-build-metadata.py /home/travis/build/fontdirectory/quattrocentosans/builds/build
{} exists
Designer's name from font is: Pablo Impallari
Original size: 57008\nGzip size: 26342
Family Name: Quattrocento Sans
PS Name: QuattrocentoSans-Italic
Full Name: Quattrocento Sans Italic
Style: normal
Weight: 400
Filename: QuattrocentoSans-Italic.ttf
Copyright: Copyright (c) 2011, Pablo Impallari (www.impallari.com|impallari@gmail.com),\rCopyright (c) 2011, Igino Marini. (www.ikern.com|mail@iginomarini.com),\rCopyright (c) 2011, Brenda Gallo. (gbrenda1987@gmail.com),\rwith Reserved Font Name Quattrocento Sans.
Family Name: Quattrocento Sans
PS Name: QuattrocentoSans-BoldItalic
Full Name: Quattrocento Sans Bold Italic
Style: normal
Weight: 700
Filename: QuattrocentoSans-BoldItalic.ttf
Copyright: Copyright (c) 2011, Pablo Impallari (www.impallari.com|impallari@gmail.com),\rCopyright (c) 2011, Igino Marini. (www.ikern.com|mail@iginomarini.com),\rCopyright (c) 2011, Brenda Gallo. (gbrenda1987@gmail.com),\rwith Reserved Font Name Quattrocento Sans.
Family Name: Quattrocento Sans
PS Name: QuattrocentoSans-Bold
Full Name: Quattrocento Sans Bold
Style: normal
Weight: 700
Filename: QuattrocentoSans-Bold.ttf
Copyright: Copyright (c) 2011, Pablo Impallari (www.impallari.com|impallari@gmail.com),\rCopyright (c) 2011, Igino Marini. (www.ikern.com|mail@iginomarini.com),\rCopyright (c) 2011, Brenda Gallo. (gbrenda1987@gmail.com),\rwith Reserved Font Name Quattrocento Sans.
Family Name: Quattrocento Sans
PS Name: QuattrocentoSans
Full Name: Quattrocento Sans
Style: normal
Weight: 400
Filename: QuattrocentoSans-Regular.ttf
Copyright: Copyright (c) 2011, Pablo Impallari (www.impallari.com|impallari@gmail.com),\rCopyright (c) 2011, Igino Marini. (www.ikern.com|mail@iginomarini.com),\rCopyright (c) 2011, Brenda Gallo. (gbrenda1987@gmail.com),\rwith Reserved Font Name Quattrocento Sans.
### (6 of 6) Run tests for METADATA.json
$ fontbakery-check.py metadata METADATA.json
bakery_lint.tests.metadata_test.MetadataSubsetsListTest.test_charset_latin(): OK
bakery_lint.tests.metadata_test.MetadataSubsetsListTest.test_charset_latin_ext(): FAIL
bakery_lint.tests.metadata_test.MetadataSubsetsListTest.test_charset_menu(): OK
bakery_lint.tests.metadata_test.MetadataTest.test_description_is_more_than_500b(): OK
bakery_lint.tests.metadata_test.MetadataTest.test_description_is_valid_html(): OK
bakery_lint.tests.metadata_test.MetadataTest.test_does_not_familyName_exist_in_daltonmaag_catalogue(): FAIL
bakery_lint.tests.metadata_test.MetadataTest.test_does_not_familyName_exist_in_fontbureau_catalogue(): OK
bakery_lint.tests.metadata_test.MetadataTest.test_does_not_familyName_exist_in_fontscom_catalogue(): FAIL
bakery_lint.tests.metadata_test.MetadataTest.test_does_not_familyName_exist_in_fontshop_catalogue(): FAIL
bakery_lint.tests.metadata_test.MetadataTest.test_does_not_familyName_exist_in_fontsmith_catalogue(): FAIL
bakery_lint.tests.metadata_test.MetadataTest.test_does_not_familyName_exist_in_houseind_catalogue(): OK
bakery_lint.tests.metadata_test.MetadataTest.test_does_not_familyName_exist_in_myfonts_catalogue(): OK
bakery_lint.tests.metadata_test.MetadataTest.test_does_not_familyName_exist_in_veer_catalogue(): OK
bakery_lint.tests.metadata_test.MetadataTest.test_family_is_listed_in_gwf(): OK
bakery_lint.tests.metadata_test.MetadataTest.test_metadata_atleast_latin_menu_subsets_exist(): OK
/home/travis/virtualenv/python2.7.8/lib/python2.7/site-packages/bakery_lint/tests/metadata_test.py:141: UnicodeWarning: Unicode equal comparison failed to convert both arguments to Unicode - interpreting them as being unequal
  self.assertTrue(designer in designers,
bakery_lint.tests.metadata_test.MetadataTest.test_metadata_designer_exists_in_profiles_csv(): OK
bakery_lint.tests.metadata_test.MetadataTest.test_metadata_fonts_items_dicts(): OK
bakery_lint.tests.metadata_test.MetadataTest.test_metadata_fonts_key_list(): OK
bakery_lint.tests.metadata_test.MetadataTest.test_metadata_fonts_no_dupes(): OK
bakery_lint.tests.metadata_test.MetadataTest.test_metadata_has_unique_style_weight_pairs(): OK
bakery_lint.tests.metadata_test.MetadataTest.test_metadata_keys(): OK
bakery_lint.tests.metadata_test.MetadataTest.test_metadata_license(): OK
bakery_lint.tests.metadata_test.MetadataTest.test_metadata_no_unknown_top_keys(): OK
bakery_lint.tests.metadata_test.MetadataTest.test_metadata_subsets_key_list(): OK
bakery_lint.tests.metadata_test.MetadataTest.test_metadata_top_keys_types(): OK
bakery_lint.tests.downstream.test_check_metadata_style_matches_names.CheckItalicStyleMatchesMacStyle.test_check_italic_style_matches_names(): FAIL
bakery_lint.tests.downstream.test_check_metadata_style_matches_names.CheckNormalStyleMatchesMacStyle.test_check_normal_style_matches_names(): OK
bakery_lint.tests.downstream.test_check_familyname_matches_fontnames.CheckFamilyNameMatchesFontNames.test_check_familyname_matches_fontnames(): OK
bakery_lint.tests.downstream.test_metadata_font_copyright.CheckMetadataContainsReservedFontName.test_copyright_contains_correct_rfn(): OK
bakery_lint.tests.downstream.test_metadata_font_copyright.CheckMetadataContainsReservedFontName.test_copyright_is_consistent_across_family(): OK
bakery_lint.tests.downstream.test_metadata_font_copyright.CheckMetadataContainsReservedFontName.test_copyright_matches_pattern(): OK
bakery_lint.tests.downstream.test_metadata_font_copyright.CheckMetadataContainsReservedFontName.test_metadata_copyright_size(): OK
bakery_lint.tests.downstream.test_check_canonical_filenames.CheckCanonicalFilenames.test_check_canonical_filenames(): OK
bakery_lint.tests.downstream.test_check_font_name_not_in_camelcase.CheckFontNameNotInCamelCase.test_fontname_not_in_camel_case(): OK
bakery_lint.tests.downstream.test_check_metadata_matches_nametable.CheckMetadataMatchesNameTable.test_check_metadata_matches_nametable(): OK
bakery_lint.tests.downstream.test_check_canonical_weights.CheckCanonicalWeights.test_check_canonical_weights(): OK
bakery_lint.tests.downstream.test_check_canonical_weights.CheckPostScriptNameMatchesWeight.test_postscriptname_contains_correct_weight(): FAIL
bakery_lint.tests.downstream.test_check_canonical_weights.CheckFontWeightSameAsInMetadata.test_font_weight_same_as_in_metadata(): OK
bakery_lint.tests.downstream.test_check_canonical_weights.CheckFullNameEqualCanonicalName.test_metadata_contains_current_font(): OK
bakery_lint.tests.downstream.test_check_glyph_consistency.CheckGlyphConsistencyInFamily.test_the_same_encodings_of_glyphs_across_family(): OK
bakery_lint.tests.downstream.test_check_glyph_consistency.CheckGlyphConsistencyInFamily.test_the_same_names_of_glyphs_across_family(): FAIL
bakery_lint.tests.downstream.test_check_glyph_consistency.CheckGlyphConsistencyInFamily.test_the_same_number_of_glyphs_across_family(): FAIL
bakery_lint.tests.downstream.test_check_canonical_styles.CheckCanonicalStyles.test_check_canonical_styles(): OK
bakery_lint.tests.downstream.test_check_metadata_fields.CheckMetadataFields.test_check_metadata_fields(): OK
bakery_lint.tests.downstream.test_check_files_menu_agreements.CheckFontsMenuAgreements.test_menu_file_agreement(): OK
bakery_lint.tests.downstream.test_check_monospace_agreements.CheckMonospaceAgreement.test_check_monospace_agreement(): OK
bakery_lint.tests.downstream.test_check_menu_contains_proper_glyphs.CheckMenuSubsetContainsProperGlyphs.test_check_menu_contains_proper_glyphs(): OK
bakery_lint.tests.downstream.test_check_text_files_exist.CheckTextFilesExist.test_copyrighttxt_exists(): FAIL
bakery_lint.tests.downstream.test_check_text_files_exist.CheckTextFilesExist.test_description_exists(): OK
bakery_lint.tests.downstream.test_check_text_files_exist.CheckTextFilesExist.test_fontlogtxt_exists(): OK
bakery_lint.tests.downstream.test_check_text_files_exist.CheckTextFilesExist.test_licensetxt_exists(): FAIL
bakery_lint.tests.downstream.test_check_subsets_exists.CheckSubsetsExist.test_check_subsets_exists(): FAIL
bakery_lint.tests.downstream.test_metadata_agreements.TestFontOnDiskFamilyEqualToMetadataJSON.test_font_on_disk_family_equal_in_metadata_json(): OK
bakery_lint.tests.downstream.test_metadata_agreements.TestPostScriptNameInMetadataEqualFontOnDisk.test_postscriptname_in_metadata_equal_to_font_on_disk(): OK
bakery_lint.tests.downstream.test_metadata_agreements.CheckMetadataAgreements.test_font_name_matches_family(): OK
bakery_lint.tests.downstream.test_metadata_agreements.CheckMetadataAgreements.test_metadata_family_values_are_all_the_same(): OK
bakery_lint.tests.downstream.test_metadata_agreements.CheckMetadataAgreements.test_metadata_filename_matches_postscriptname(): FAIL
bakery_lint.tests.downstream.test_metadata_agreements.CheckMetadataAgreements.test_metadata_font_have_regular(): OK
bakery_lint.tests.downstream.test_metadata_agreements.CheckMetadataAgreements.test_metadata_fonts_fields_have_fontname(): OK
bakery_lint.tests.downstream.test_metadata_agreements.CheckMetadataAgreements.test_metadata_fullname_is_equal_to_internal_font_fullname(): OK
bakery_lint.tests.downstream.test_metadata_agreements.CheckMetadataAgreements.test_metadata_fullname_matches_postScriptName(): OK
bakery_lint.tests.downstream.test_metadata_agreements.CheckMetadataAgreements.test_metadata_regular_is_400(): OK
bakery_lint.tests.downstream.test_metadata_agreements.CheckMetadataAgreements.test_metadata_regular_is_normal(): FAIL
{
  "name": "Quattrocento Sans", 
  "designer": "Pablo Impallari", 
  "license": "OFL", 
  "visibility": "External", 
  "category": "Sans Serif", 
  "size": 39176, 
  "fonts": [
    {
      "name": "Quattrocento Sans", 
      "postScriptName": "QuattrocentoSans-Italic", 
      "fullName": "Quattrocento Sans Italic", 
      "style": "normal", 
      "weight": 400, 
      "filename": "QuattrocentoSans-Italic.ttf", 
      "copyright": "Copyright (c) 2011, Pablo Impallari (www.impallari.com|impallari@gmail.com),\rCopyright (c) 2011, Igino Marini. (www.ikern.com|mail@iginomarini.com),\rCopyright (c) 2011, Brenda Gallo. (gbrenda1987@gmail.com),\rwith Reserved Font Name Quattrocento Sans."
    }, 
    {
      "name": "Quattrocento Sans", 
      "postScriptName": "QuattrocentoSans-BoldItalic", 
      "fullName": "Quattrocento Sans Bold Italic", 
      "style": "normal", 
      "weight": 700, 
      "filename": "QuattrocentoSans-BoldItalic.ttf", 
      "copyright": "Copyright (c) 2011, Pablo Impallari (www.impallari.com|impallari@gmail.com),\rCopyright (c) 2011, Igino Marini. (www.ikern.com|mail@iginomarini.com),\rCopyright (c) 2011, Brenda Gallo. (gbrenda1987@gmail.com),\rwith Reserved Font Name Quattrocento Sans."
    }, 
    {
      "name": "Quattrocento Sans", 
      "postScriptName": "QuattrocentoSans-Bold", 
      "fullName": "Quattrocento Sans Bold", 
      "style": "normal", 
      "weight": 700, 
      "filename": "QuattrocentoSans-Bold.ttf", 
      "copyright": "Copyright (c) 2011, Pablo Impallari (www.impallari.com|impallari@gmail.com),\rCopyright (c) 2011, Igino Marini. (www.ikern.com|mail@iginomarini.com),\rCopyright (c) 2011, Brenda Gallo. (gbrenda1987@gmail.com),\rwith Reserved Font Name Quattrocento Sans."
    }, 
    {
      "name": "Quattrocento Sans", 
      "postScriptName": "QuattrocentoSans", 
      "fullName": "Quattrocento Sans", 
      "style": "normal", 
      "weight": 400, 
      "filename": "QuattrocentoSans-Regular.ttf", 
      "copyright": "Copyright (c) 2011, Pablo Impallari (www.impallari.com|impallari@gmail.com),\rCopyright (c) 2011, Igino Marini. (www.ikern.com|mail@iginomarini.com),\rCopyright (c) 2011, Brenda Gallo. (gbrenda1987@gmail.com),\rwith Reserved Font Name Quattrocento Sans."
    }
  ], 
  "subsets": [
    "latin", 
    "menu"
  ], 
  "dateAdded": "2012-02-15"
}
